C51 COMPILER V9.60.7.0   EKEY                                                              09/16/2025 11:41:46 PAGE 1   


C51 COMPILER V9.60.7.0, COMPILATION OF MODULE EKEY
OBJECT MODULE PLACED IN .\Objects\EKey.obj
COMPILER INVOKED BY: C:\Keil_v5\C51\BIN\C51.EXE EKey.c OPTIMIZE(8,SPEED) BROWSE DEBUG OBJECTEXTEND PRINT(.\Listings\EKey
                    -.lst) TABS(2) OBJECT(.\Objects\EKey.obj)

line level    source

   1          #include <REGX52.H>
   2          #include "delay.h"
   3          #include "EKey.h"
   4          
   5          ekey scan_ekey()
   6          {
   7   1          if(P3_1 == 0)
   8   1          {
   9   2            Delay1ms(10);
  10   2            while(P3_1 == 0);
  11   2            Delay1ms(10);
  12   2      
  13   2            return K1;  
  14   2        
  15   2          }
  16   1      
  17   1          if(P3_0 == 0)
  18   1          {
  19   2            Delay1ms(10);
  20   2            while(P3_0 == 0);
  21   2            Delay1ms(10);
  22   2      
  23   2            return K2;  
  24   2            
  25   2          }
  26   1      
  27   1          if(P3_2 == 0)
  28   1          {
  29   2            Delay1ms(10);
  30   2            while(P3_2 == 0);
  31   2            Delay1ms(10);
  32   2      
  33   2            return K3;  
  34   2        
  35   2          }
  36   1      
  37   1          if(P3_3 == 0)
  38   1          {
  39   2            Delay1ms(10);
  40   2            while(P3_3 == 0);
  41   2            Delay1ms(10);
  42   2      
  43   2            return K4;  
  44   2        
  45   2          }
  46   1          return eKey_None;
  47   1      }


MODULE INFORMATION:   STATIC OVERLAYABLE
   CODE SIZE        =     95    ----
   CONSTANT SIZE    =   ----    ----
   XDATA SIZE       =   ----    ----
   PDATA SIZE       =   ----    ----
C51 COMPILER V9.60.7.0   EKEY                                                              09/16/2025 11:41:46 PAGE 2   

   DATA SIZE        =   ----    ----
   IDATA SIZE       =   ----    ----
   BIT SIZE         =   ----    ----
END OF MODULE INFORMATION.


C51 COMPILATION COMPLETE.  0 WARNING(S),  0 ERROR(S)
