C51 COMPILER V9.60.7.0   MAIN                                                              09/15/2025 16:32:46 PAGE 1   


C51 COMPILER V9.60.7.0, COMPILATION OF MODULE MAIN
OBJECT MODULE PLACED IN .\Objects\main.obj
COMPILER INVOKED BY: C:\Keil_v5\C51\BIN\C51.EXE main.c OPTIMIZE(8,SPEED) BROWSE DEBUG OBJECTEXTEND PRINT(.\Listings\main
                    -.lst) TABS(2) OBJECT(.\Objects\main.obj)

line level    source

   1          #include <REGX52.H>
   2          // #include "delay.h"
   3          //#include "IR.h"
   4          // #include "smg.h"
   5          #include "XPT2046.h"
   6          //#include "PWM.h"
   7          #include "Timer0.h"
   8          #include "EKey.h"
   9          #include "matrixkey.h"
  10          #include "SG90.h"
  11          
  12          void main()
  13          {
  14   1      
  15   1      
  16   1        Timer0Init();
  17   1        PWM_Motor_Init();
  18   1      //  PWM_Init(0xAE, 0xFF, 10, 5);
  19   1      
  20   1        while(1)
  21   1        {
  22   2          //scan ekey to set ADC target
  23   2          switch (scan_ekey())
  24   2          {
  25   3            case K1:
  26   3              xpt2046_set_target(XPT2046_XP);  //AIN0 AD1
  27   3              P2_7 = !P2_7;
  28   3              break;
  29   3            
  30   3            case K2:
  31   3              xpt2046_set_target(XPT2046_YP); //AIN1 NTC1
  32   3              P2_7 = !P2_7;
  33   3              break;  
  34   3            
  35   3            case K3:
  36   3              xpt2046_set_target(XPT2046_VBAT); //AIN2 GR1
  37   3              P2_7 = !P2_7;
  38   3              break;
  39   3            
  40   3            case K4:
  41   3              xpt2046_set_target(XPT2046_AUX);  //AIN3 J52
  42   3              // smg_set_enable(!smg_get_enable());
  43   3              P2_7 = !P2_7;
  44   3              break;  
  45   3      
  46   3            default:
  47   3              break;
  48   3          }
  49   2      
  50   2          //scan matrix key TO DO
  51   2          switch (matrix_key_scan())
  52   2          {
  53   3            case mKey1:
  54   3              PWM_Motor_Set_Threshold(1);
C51 COMPILER V9.60.7.0   MAIN                                                              09/15/2025 16:32:46 PAGE 2   

  55   3              P2_7 = !P2_7;
  56   3              break;
  57   3            
  58   3            case mKey2:
  59   3              PWM_Motor_Set_Threshold(2);
  60   3              P2_7 = !P2_7;
  61   3              break;
  62   3      
  63   3            case mKey3:
  64   3              PWM_Motor_Set_Threshold(3);
  65   3              P2_7 = !P2_7;
  66   3              break;
  67   3            
  68   3            case mKey4:
  69   3              PWM_Motor_Set_Threshold(4);
  70   3              P2_7 = !P2_7;
  71   3              break;
  72   3      
  73   3            case mKey5:
  74   3              PWM_Motor_Set_Threshold(5);
  75   3              P2_7 = !P2_7;
  76   3              break;
  77   3            
  78   3            case mKey6:
  79   3              P2_7 = !P2_7;
  80   3              break;
  81   3      
  82   3            case mKey7:
  83   3              P2_7 = !P2_7;
  84   3              break;
  85   3            
  86   3            case mKey8:
  87   3              P2_7 = !P2_7;
  88   3              break;
  89   3      
  90   3            case mKey9:
  91   3              P2_7 = !P2_7;
  92   3              break;
  93   3      
  94   3            case mKey10:
  95   3              P2_7 = !P2_7;
  96   3              break;
  97   3      
  98   3            case mKey11:
  99   3              P2_7 = !P2_7;
 100   3              break;
 101   3      
 102   3            case mKey12:
 103   3              P2_7 = !P2_7;
 104   3              break;
 105   3      
 106   3            case mKey13:
 107   3              P2_7 = !P2_7;
 108   3              break;
 109   3      
 110   3            case mKey14:
 111   3              P2_7 = !P2_7;
 112   3              break;
 113   3      
 114   3            case mKey15:
 115   3              P2_7 = !P2_7;
 116   3              break;
C51 COMPILER V9.60.7.0   MAIN                                                              09/15/2025 16:32:46 PAGE 3   

 117   3      
 118   3            case mKey16:
 119   3              P2_7 = !P2_7;
 120   3              break;  
 121   3      
 122   3            default:
 123   3              break;
 124   3          }
 125   2        }
 126   1      }


MODULE INFORMATION:   STATIC OVERLAYABLE
   CODE SIZE        =    196    ----
   CONSTANT SIZE    =   ----    ----
   XDATA SIZE       =   ----    ----
   PDATA SIZE       =   ----    ----
   DATA SIZE        =   ----    ----
   IDATA SIZE       =   ----    ----
   BIT SIZE         =   ----    ----
END OF MODULE INFORMATION.


C51 COMPILATION COMPLETE.  0 WARNING(S),  0 ERROR(S)
