C51 COMPILER V9.60.7.0   SMG                                                               09/15/2025 16:32:28 PAGE 1   


C51 COMPILER V9.60.7.0, COMPILATION OF MODULE SMG
OBJECT MODULE PLACED IN .\Objects\smg.obj
COMPILER INVOKED BY: C:\Keil_v5\C51\BIN\C51.EXE smg.c OPTIMIZE(8,SPEED) BROWSE DEBUG OBJECTEXTEND PRINT(.\Listings\smg.l
                    -st) TABS(2) OBJECT(.\Objects\smg.obj)

line level    source

   1          //#include "smg.h"
   2          #include <REGX52.H>
   3          #include "delay.h"
   4          #define SMG_A_DP_PORT P0  //使用宏定义数码管段码口
   5          
   6          sbit LSA=P2^2;
   7          sbit LSB=P2^3;
   8          sbit LSC=P2^4;
   9          
  10          //共阴极数码管显示0~F的段码数据
  11          unsigned char gsmg_code[17]={0x3f,0x06,0x5b,0x4f,0x66,0x6d,0x7d,0x07,
  12                  0x7f,0x6f,0x77,0x7c,0x39,0x5e,0x79,0x71,0x00};
  13          
  14          
  15          /*******************************************************************************
  16          * 函 数 名       : get_smg_code
  17          * 函数功能     : get segment code for number 0-F
  18          * 输    入       : num：number 0-15
  19          * 输    出       : segment code
  20          *******************************************************************************/
  21          unsigned char get_smg_code(unsigned char num)
  22          {
  23   1        if(num < 17)
  24   1        {
  25   2          return gsmg_code[num];
  26   2        }
  27   1        else
  28   1        {
  29   2          return 0x00;
  30   2        }
  31   1      }
  32          /*******************************************************************************
  33          * 函 数 名       : smg_display
  34          * 函数功能     : 动态数码管显示
  35          * 输    入       : dat：要显示的数据
  36                     pos：从左开始第几个位置开始显示，范围1-8
  37          * 输    出       : 无
  38          *******************************************************************************/
  39          void smg_display(unsigned char dat[],unsigned char pos)
  40          {
  41   1        unsigned char i=0;
  42   1        unsigned char pos_temp=pos-1;
  43   1      
  44   1        for(i=pos_temp;i<8;i++)
  45   1        {
  46   2            switch(i)//位选
  47   2          {
  48   3            case 0: LSC=1;LSB=1;LSA=1;break;
  49   3            case 1: LSC=1;LSB=1;LSA=0;break;
  50   3            case 2: LSC=1;LSB=0;LSA=1;break;
  51   3            case 3: LSC=1;LSB=0;LSA=0;break;
  52   3            case 4: LSC=0;LSB=1;LSA=1;break;
  53   3            case 5: LSC=0;LSB=1;LSA=0;break;
  54   3            case 6: LSC=0;LSB=0;LSA=1;break;
C51 COMPILER V9.60.7.0   SMG                                                               09/15/2025 16:32:28 PAGE 2   

  55   3            case 7: LSC=0;LSB=0;LSA=0;break;
  56   3          }
  57   2          SMG_A_DP_PORT=dat[i-pos_temp];//传送段选数据
  58   2          delay_10us(100);//延时一段时间，等待显示稳定
  59   2          SMG_A_DP_PORT=0x00;//消音
  60   2        }
  61   1      }


MODULE INFORMATION:   STATIC OVERLAYABLE
   CODE SIZE        =    162    ----
   CONSTANT SIZE    =   ----    ----
   XDATA SIZE       =   ----    ----
   PDATA SIZE       =   ----    ----
   DATA SIZE        =     17       5
   IDATA SIZE       =   ----    ----
   BIT SIZE         =   ----    ----
END OF MODULE INFORMATION.


C51 COMPILATION COMPLETE.  0 WARNING(S),  0 ERROR(S)
