C51 COMPILER V9.60.7.0   TIMER0                                                            09/27/2025 13:55:55 PAGE 1   


C51 COMPILER V9.60.7.0, COMPILATION OF MODULE TIMER0
OBJECT MODULE PLACED IN .\Objects\Timer0.obj
COMPILER INVOKED BY: C:\Keil_v5\C51\BIN\C51.EXE Timer0.c OPTIMIZE(8,SPEED) BROWSE DEBUG OBJECTEXTEND PRINT(.\Listings\Ti
                    -mer0.lst) TABS(2) OBJECT(.\Objects\Timer0.obj)

line level    source

   1          //#include <REGX52.H>
   2          //#include "XPT2046.h"
   3          //#include "smg.h"
   4          //#include "IR.h"
   5          //#include "matrixled.h"
   6          //#include "delay.h"
   7          //#include "nixie.h"
   8          //#include "ds18b20.h"
   9          
  10          //#define SMG_EN 1  //1: enable smg, 0: disable smg and enable matrixled
  11          
  12          //XPT2046_ADC
  13          //unsigned char XPT2046_target = XPT2046_VBAT; 
  14          //unsigned int XPT2046_ADC_Value = 0;
  15          
  16          //smg
  17          //unsigned char smg_value_buf[8];
  18          
  19          //unsigned char i = 0;
  20          
  21          
  22          //void Timer0Init(void)   //10ms@11.0592MHz
  23          //{
  24          //  TMOD &= 0xF0;   
  25          //  TMOD |= 0x01;   
  26          //  TL0 = 0x00;   
  27          //  TH0 = 0xDC;   
  28          //  TF0 = 0;  
  29          //  TR0 = 1;  
  30          //  ET0 = 1;
  31          //  EA = 1;
  32          //}
  33          
  34          //void Timer0_Routine() interrupt 1
  35          //{
  36          //  static unsigned char counts = 0;
  37          
  38          //  TL0 = 0x00;   
  39          //  TH0 = 0xDC;
  40          //  
  41          //  smg_display(smg_value_buf, 1);  
  42          
  43          //}
  44          
  45          //void set_smg_value_buf(unsigned char *smg_value_buf_new)
  46          //{
  47          //  for(i = 0;i < 8;i++)
  48          //  {
  49          //    smg_value_buf[i] = smg_value_buf_new[i];  
  50          //  }
  51          //}
  52          


C51 COMPILER V9.60.7.0   TIMER0                                                            09/27/2025 13:55:55 PAGE 2   

MODULE INFORMATION:   STATIC OVERLAYABLE
   CODE SIZE        =   ----    ----
   CONSTANT SIZE    =   ----    ----
   XDATA SIZE       =   ----    ----
   PDATA SIZE       =   ----    ----
   DATA SIZE        =   ----    ----
   IDATA SIZE       =   ----    ----
   BIT SIZE         =   ----    ----
END OF MODULE INFORMATION.


C51 COMPILATION COMPLETE.  0 WARNING(S),  0 ERROR(S)
